==============================================================================
STEP 15E2 — FINAL COLOCALIZATION STABILITY
==============================================================================
Status: PASS
Powered comparisons: 17
Powered units: 14
Comparison stability:
  ROBUST_SHARED: 6
  ROBUST_DISTINCT: 6
  PRIOR_SENSITIVE: 5
Final unit stability:
  ROBUST_SHARED: 5
  PRIOR_SENSITIVE: 4
  ROBUST_DISTINCT: 3
  ANCESTRY_DISCORDANT: 1
  MIXED_WITH_PRIOR_SENSITIVITY: 1

    gene candidate_trait_name candidate_source comparison_ancestries sensitivity_pool_assignment         unit_stability_final primary_unit_category  primary_pp_h4_minimum  primary_pp_h4_median  primary_pp_h4_maximum
   APOC3        Triglycerides          Pan-UKB            AFR || CSA                           A          ANCESTRY_DISCORDANT   ANCESTRY_DISCORDANT           7.675855e-09          5.000000e-01           1.000000e+00
     LPL        Triglycerides          Pan-UKB            AFR || CSA                           B MIXED_WITH_PRIOR_SENSITIVITY MIXED_OR_INCONCLUSIVE           1.388533e-02          1.550466e-01           2.962078e-01
 ANGPTL3        Triglycerides          Pan-UKB                   CSA                           B              PRIOR_SENSITIVE     CONSISTENT_SHARED           8.947977e-01          8.947977e-01           8.947977e-01
    CSF3    Neutrophill count          Pan-UKB                   CSA                           A              PRIOR_SENSITIVE     CONSISTENT_SHARED           8.706275e-01          8.706275e-01           8.706275e-01
    IL4R               Asthma             GBMI                   EAS                           A              PRIOR_SENSITIVE     CONSISTENT_SHARED           8.327395e-01          8.327395e-01           8.327395e-01
    THPO       Platelet count          Pan-UKB                   AFR                           B              PRIOR_SENSITIVE MIXED_OR_INCONCLUSIVE           3.012692e-01          3.012692e-01           3.012692e-01
  IL1RL1               Asthma             GBMI            CSA || EAS                           B              ROBUST_DISTINCT   CONSISTENT_DISTINCT           1.610609e-07          1.915889e-03           3.831617e-03
     IL5               Asthma             GBMI                   EAS                           B              ROBUST_DISTINCT   CONSISTENT_DISTINCT           3.782160e-04          3.782160e-04           3.782160e-04
SLC22A12                 Gout             GBMI                   EAS                           A              ROBUST_DISTINCT   CONSISTENT_DISTINCT           6.585851e-10          6.585851e-10           6.585851e-10
    APOB        Triglycerides          Pan-UKB                   CSA                           B                ROBUST_SHARED     CONSISTENT_SHARED           9.865322e-01          9.865322e-01           9.865322e-01
    APOE           LDL direct          Pan-UKB                   CSA                           B                ROBUST_SHARED     CONSISTENT_SHARED           9.966233e-01          9.966233e-01           9.966233e-01
   GATA3               Asthma             GBMI                   EAS                           B                ROBUST_SHARED     CONSISTENT_SHARED           9.960233e-01          9.960233e-01           9.960233e-01
    IL13               Asthma             GBMI                   EAS                           B                ROBUST_SHARED     CONSISTENT_SHARED           9.784515e-01          9.784515e-01           9.784515e-01
    TSLP               Asthma             GBMI                   EAS                           A                ROBUST_SHARED     CONSISTENT_SHARED           1.000000e+00          1.000000e+00           1.000000e+00

Summary: output/15e2_coloc_stability_summary.json
==============================================================================
