==============================================================================
STEP 15E — CROSS-ANCESTRY COLOCALIZATION
==============================================================================
Primary comparisons: 538
Powered in both ancestries: 17
Pending caches: 535
Priors: p1=0.0001, p2=0.0001, p12=1e-06, 1e-05, 0.0001
Primary p12: 1e-05
==============================================================================
[1/535] cmp_882aa5528898efd7 | ADORA1 | EAS
[2/535] cmp_1879bacc3f143d63 | ADORA2B | AFR
[3/535] cmp_3fbdc821bc212f87 | ADORA2B | AMR
[4/535] cmp_a918f142c50e9c1b | ADORA2B | CSA
[5/535] cmp_d4512f391230ce00 | ADORA2B | EAS
[6/535] cmp_46490d7af44846b5 | ADRB2 | AFR
[7/535] cmp_2bdca6ae65b579b6 | ADRB2 | AMR
[8/535] cmp_20b65a81adbdd8d8 | ADRB2 | CSA
[9/535] cmp_d46a8755ecd8923f | ADRB2 | EAS
[10/535] cmp_28207de7faebaec4 | CHRM3 | AFR
[11/535] cmp_35c7f33119fc69aa | CHRM3 | AMR
[12/535] cmp_7cd40f2755ea14ce | CHRM3 | CSA
[13/535] cmp_a91e9e2dbbab8464 | CHRM3 | EAS
[14/535] cmp_b4fc8783bf50b0f8 | CSF2 | AFR
[15/535] cmp_900aed83a970be9e | CSF2 | AMR
[16/535] cmp_872016488aceb283 | CSF2 | CSA
[17/535] cmp_d8dd6ef7088ffba2 | CSF2 | EAS
[18/535] cmp_e3d18da8c31d7ea7 | FGFR3 | AFR
[19/535] cmp_bbd4208cbc3bd7e5 | FGFR3 | AMR
[20/535] cmp_e04d0f6a0ffc8967 | FGFR3 | CSA
[21/535] cmp_06689f7e8a7c15e0 | FGFR3 | EAS
[22/535] cmp_dc17746c43ba008b | GATA3 | AFR
[23/535] cmp_9d824417fe65d822 | GATA3 | AMR
[24/535] cmp_6fac66445dcff4c0 | GATA3 | CSA
[25/535] cmp_ba664b37fee5bc19 | GATA3 | EAS
[26/535] cmp_56f69ebeb8ee406e | HRH4 | AFR
[27/535] cmp_7e98133a48915a98 | HRH4 | AMR
[28/535] cmp_8a07d6969db9bbda | HRH4 | CSA
[29/535] cmp_ddb0f1f4a82215f0 | HRH4 | EAS
[30/535] cmp_ab8ccf0cc0913f47 | IL13 | AFR
[31/535] cmp_d6a94e5b9cd24b66 | IL13 | AMR
[32/535] cmp_36a279eb7569f6dc | IL13 | CSA
[33/535] cmp_a76b488e4d6fc321 | IL13 | EAS
[34/535] cmp_970c00a72772998e | IL17RB | AFR
[35/535] cmp_efb9c759a376363a | IL17RB | AMR
[36/535] cmp_be7991c3429d43fa | IL17RB | CSA
[37/535] cmp_391e0792ae5e5eb8 | IL17RB | EAS
[38/535] cmp_50dfe6ec581edb6f | IL1RL1 | AFR
[39/535] cmp_1113c8b20072258e | IL1RL1 | AMR
[40/535] cmp_4af752414605f4d3 | IL1RL1 | CSA
[41/535] cmp_17d744d1985fa469 | IL1RL1 | EAS
[42/535] cmp_2fa1f1babb57f737 | IL3 | AFR
[43/535] cmp_c7a26102b9b160c3 | IL3 | AMR
[44/535] cmp_4aca20d855ce9b3c | IL3 | CSA
[45/535] cmp_82190d5c3cce51fe | IL3 | EAS
[46/535] cmp_2bc6da7bd58f8b90 | IL33 | AFR
[47/535] cmp_11df635d08e72758 | IL33 | AMR
[48/535] cmp_a0dab9d33f7b3552 | IL33 | CSA
[49/535] cmp_af469cf6305c50e3 | IL33 | EAS
[50/535] cmp_812c7bbd23890504 | IL4R | AFR
[51/535] cmp_5235bc263b35ea04 | IL4R | AMR
[52/535] cmp_7aa41dc81cd9b3ff | IL4R | CSA
[53/535] cmp_2565e0e2adfe1275 | IL4R | EAS
[54/535] cmp_3618bc9e13b64408 | IL5 | AFR
[55/535] cmp_562bf6b74a067fe1 | IL5 | AMR
[56/535] cmp_596f61a009141a06 | IL5 | CSA
[57/535] cmp_297fbf716b9104dc | IL5 | EAS
[58/535] cmp_377f011c20740fe6 | IL6 | AFR
[59/535] cmp_df338e515712a29b | IL6 | AMR
[60/535] cmp_01c999296b50331d | IL6 | CSA
[61/535] cmp_81b7013723919858 | IL6 | EAS
[62/535] cmp_78ab0cec165a10b6 | ITGB7 | AFR
[63/535] cmp_027ede373e9e32fc | ITGB7 | AMR
[64/535] cmp_0185688e150500b4 | ITGB7 | CSA
[65/535] cmp_2940f1520de2d89c | ITGB7 | EAS
[66/535] cmp_657a71fd538ccde4 | KIT | AFR
[67/535] cmp_22e4bb0bd2604a20 | KIT | AMR
[68/535] cmp_e313208803a5a955 | KIT | CSA
[69/535] cmp_3bba1cac3b396afd | KIT | EAS
[70/535] cmp_3d32b80e340128c1 | MMP12 | AFR
[71/535] cmp_09aa585345ceecf1 | MMP12 | AMR
[72/535] cmp_8b21875c59a4abf6 | MMP12 | CSA
[73/535] cmp_67cc4fd484a447f5 | MMP12 | EAS
[74/535] cmp_81e6fb935e951311 | NFKB1 | AFR
[75/535] cmp_6a4da4dd71f0791b | NFKB1 | AMR
[76/535] cmp_39a9b5261c32bec2 | NFKB1 | CSA
[77/535] cmp_e018d207e91f13e8 | NFKB1 | EAS
[78/535] cmp_e99b9e694a260c3a | NR3C1 | AFR
[79/535] cmp_b5dd8a7fcca42b7c | NR3C1 | AMR
[80/535] cmp_f458ecfcec2c5d9f | NR3C1 | CSA
[81/535] cmp_8063a29b00ae6a87 | NR3C1 | EAS
[82/535] cmp_00c0877e4cf73aff | P2RY2 | AFR
[83/535] cmp_279d799e99cad7e6 | P2RY2 | AMR
[84/535] cmp_c8ca51c9e7ed8887 | P2RY2 | CSA
[85/535] cmp_f9d05cb9b9fddeed | P2RY2 | EAS
[86/535] cmp_f416cef74ff8f5d3 | PDE3A | AFR
[87/535] cmp_715cbde0b191e2ec | PDE3A | AMR
[88/535] cmp_856487be35c75773 | PDE3A | CSA
[89/535] cmp_db5df5f6d2e98002 | PDE3A | EAS
[90/535] cmp_dd1199ab22dd3b77 | PDE4B | AFR
[91/535] cmp_03f2ddb9340f36ed | PDE4B | AMR
[92/535] cmp_4d09c42333a8fe38 | PDE4B | CSA
[93/535] cmp_5d6b9aa7b5fb6072 | PDE4B | EAS
[94/535] cmp_ce64a986a8d15c08 | PDE4D | AFR
[95/535] cmp_8034523652295a06 | PDE4D | AMR
[96/535] cmp_06ec7c1c45431cd9 | PDE4D | CSA
[97/535] cmp_82ff76430d4c159e | PDE4D | EAS
[98/535] cmp_0774efc1872e713e | TNFSF15 | AFR
[99/535] cmp_66091c879cda73f3 | TNFSF15 | AMR
[100/535] cmp_f5f9d92e52842a63 | TNFSF15 | CSA
[101/535] cmp_b5f053fdd7083b6e | TNFSF15 | EAS
[102/535] cmp_ea126469051698c2 | TNFSF4 | AFR
[103/535] cmp_bf99a17326cc295c | TNFSF4 | AMR
[104/535] cmp_c5eb7b0c9e5d28e0 | TNFSF4 | CSA
[105/535] cmp_7b9f8e7b25ae87d7 | TNFSF4 | EAS
[106/535] cmp_e854c14fa9f40a21 | TSLP | AFR
[107/535] cmp_ebe379c15a6da6e9 | TSLP | AMR
[108/535] cmp_381d86345f6977a1 | TSLP | CSA
[109/535] cmp_a54e8bec4ce3739c | TSLP | EAS
[110/535] cmp_1651d20a22bcf975 | TYK2 | AFR
[111/535] cmp_7e05927d4234e8f1 | TYK2 | AMR
[112/535] cmp_4cadfeba397d5fcb | TYK2 | CSA
[113/535] cmp_13ba9b9b5abf239c | TYK2 | EAS
[114/535] cmp_99775e607307b46c | ADORA1 | AFR
[115/535] cmp_f9420030b12a967c | ADORA1 | AMR
[116/535] cmp_b183626c5e1a2682 | ADORA1 | EAS
[117/535] cmp_7b30a058acdf9401 | ADRB2 | AFR
[118/535] cmp_f62aa338ed422bb6 | ADRB2 | AMR
[119/535] cmp_def63fee9adfede7 | ADRB2 | EAS
[120/535] cmp_c8b387d82b73af29 | CHRM3 | AFR
[121/535] cmp_3d2151e97cc0ce0d | CHRM3 | AMR
[122/535] cmp_a6f990f370ee73be | CHRM3 | EAS
[123/535] cmp_d21d81678d910f56 | CSF2 | AFR
[124/535] cmp_79fe799c93b464e6 | CSF2 | AMR
[125/535] cmp_9a5c6fcb69c5503f | CSF2 | EAS
[126/535] cmp_e83cc1f827b5754c | EPHX2 | AFR
[127/535] cmp_3a2a97dcf17ee031 | EPHX2 | AMR
[128/535] cmp_f22a7cef0aba19fb | EPHX2 | EAS
[129/535] cmp_3f52a23106c37195 | GATA3 | AFR
[130/535] cmp_1e4bde6774458ccd | GATA3 | AMR
[131/535] cmp_6248cabd231c57ae | GATA3 | EAS
[132/535] cmp_27f7de000415a5a6 | HCRTR1 | AFR
[133/535] cmp_e693be8f1d56fecd | HCRTR1 | AMR
[134/535] cmp_23dc1acd8f48ad21 | HCRTR1 | EAS
[135/535] cmp_d6892d31bc8e5b1a | HRH4 | AFR
[136/535] cmp_296850778fbada3a | HRH4 | AMR
[137/535] cmp_650706fba16caa25 | HRH4 | EAS
[138/535] cmp_923a11e3e50006fd | IL13 | AFR
[139/535] cmp_02626343e8b15fa9 | IL13 | AMR
[140/535] cmp_192f316675024137 | IL13 | EAS
[141/535] cmp_dc366550312e136a | IL1R1 | AFR
[142/535] cmp_a3b094a43f523b4d | IL1R1 | AMR
[143/535] cmp_7b1eeb79ae2032bb | IL1R1 | EAS
[144/535] cmp_84c689815498ec84 | IL1RL1 | AFR
[145/535] cmp_86cebedd52e15c1e | IL1RL1 | AMR
[146/535] cmp_b518c6b92cc176ea | IL1RL1 | EAS
[147/535] cmp_1f5f078aefada531 | IL33 | AFR
[148/535] cmp_ef38db3809ac0455 | IL33 | AMR
[149/535] cmp_81d128e184d782cd | IL33 | EAS
[150/535] cmp_7a2e01760a226fa2 | IL4R | AFR
[151/535] cmp_47717a5272c50ec7 | IL4R | AMR
[152/535] cmp_aae53e41eb3803b2 | IL4R | EAS
[153/535] cmp_12d1c37ade212f9d | NR3C1 | AFR
[154/535] cmp_a04249cddb013204 | NR3C1 | AMR
[155/535] cmp_ce170ceef72f1244 | NR3C1 | EAS
[156/535] cmp_9132cd16ecfec364 | PDE3A | AFR
[157/535] cmp_c312c3b9fd0f2973 | PDE3A | AMR
[158/535] cmp_1c12533753670edd | PDE3A | EAS
[159/535] cmp_d46edc983b4eee0b | PDE4B | AFR
[160/535] cmp_ef3380af92b3bfd4 | PDE4B | AMR
[161/535] cmp_b52aa1a4b27054a7 | PDE4B | EAS
[162/535] cmp_a6291206b522856e | PDE4D | AFR
[163/535] cmp_5a4c5c9533060800 | PDE4D | AMR
[164/535] cmp_c025e4310d9f52fc | PDE4D | EAS
[165/535] cmp_9b4fd35c5baf7dbd | RARG | AFR
[166/535] cmp_13e27a7fdfa0eb30 | RARG | AMR
[167/535] cmp_514e180b55a9b84f | RARG | EAS
[168/535] cmp_0263f1dc95002377 | SERPINA1 | AFR
[169/535] cmp_e973d965c03b787d | SERPINA1 | AMR
[170/535] cmp_e25a0fa2823ae3a3 | SERPINA1 | EAS
[171/535] cmp_c35377dfaf49ea97 | TSLP | AFR
[172/535] cmp_c063a7c82b7e6460 | TSLP | AMR
[173/535] cmp_a0f1de8e567920f2 | TSLP | EAS
[174/535] cmp_6800e614a6b5f52f | PPARG | AFR
[175/535] cmp_a534830fc4deffe0 | PPARG | AMR
[176/535] cmp_aa25e446bf465f9f | PPARG | EAS
[177/535] cmp_f6c8d3d544ec5e35 | SLC22A12 | AFR
[178/535] cmp_463c53e9f46e30d8 | SLC22A12 | AMR
[179/535] cmp_ed5bdc4e95af264b | SLC22A12 | EAS
[180/535] cmp_c885448f2de8c219 | ENPEP | AFR
[181/535] cmp_6e7939515f8cf701 | ENPEP | AMR
[182/535] cmp_57f23e9f3c62a4e3 | ENPEP | EAS
[183/535] cmp_4be46e9df16bdc7f | GRM7 | AFR
[184/535] cmp_2d9c2479a74e3976 | GRM7 | AMR
[185/535] cmp_79fcc73cc62d5315 | GRM7 | EAS
[186/535] cmp_780fe24835686fbc | NOS3 | AFR
[187/535] cmp_97f0844c885d9fb6 | NOS3 | AMR
[188/535] cmp_ac5fbac82218e519 | NOS3 | EAS
[189/535] cmp_6364ed274b2cf7c7 | PDE3A | AFR
[190/535] cmp_4bb3932dc40b166f | PDE3A | AMR
[191/535] cmp_f24775dac78705fb | PDE3A | EAS
[192/535] cmp_265dc57729ae86b6 | F10 | AFR
[193/535] cmp_f36a992544b645f8 | F10 | AMR
[194/535] cmp_86e5db71c1bb33ea | F10 | EAS
[195/535] cmp_a6275c7613e223b1 | F11 | AFR
[196/535] cmp_f1d366955c52855b | F11 | AMR
[197/535] cmp_add0fff00fe30c88 | F11 | EAS
[198/535] cmp_a948136728fe0452 | F2 | AFR
[199/535] cmp_71589a44d3743513 | F2 | AMR
[200/535] cmp_b65743ed0dbea3ab | F2 | EAS
[201/535] cmp_a6be1a7fe0f56ba2 | VWF | AFR
[202/535] cmp_9e43be5ec3a7c37f | VWF | AMR
[203/535] cmp_1da2477066b379c3 | VWF | EAS
[204/535] cmp_9d8c13f3b6460d45 | PNPLA3 | AFR
[205/535] cmp_5181e0eccfa7681d | PNPLA3 | CSA
[206/535] cmp_3a1c4d856b9f1002 | TNFRSF1A | AFR
[207/535] cmp_cad575f1b76c6d4c | TNFRSF1A | CSA
[208/535] cmp_31363dc2ab3ab085 | IL12B | CSA
[209/535] cmp_ed0271b07af0362c | IL12B | MID
[210/535] cmp_4f80a5c9a2e12790 | ADIPOR2 | AFR
[211/535] cmp_5207bf5c945f87a1 | ADIPOR2 | CSA
[212/535] cmp_64bd13bc77705eda | ADIPOR2 | MID
[213/535] cmp_dd2558cccbc89872 | CALCA | AFR
[214/535] cmp_daacdfb49a767a83 | CALCA | CSA
[215/535] cmp_968e54cd842753a0 | CALCA | MID
[216/535] cmp_5f5a33771aea4344 | CALCR | AFR
[217/535] cmp_312d2eeff22fbd6d | CALCR | CSA
[218/535] cmp_397789a3dc4c5cce | CALCR | MID
[219/535] cmp_cf2eb416b2655e2b | DPP4 | AFR
[220/535] cmp_0daa02799b71141c | DPP4 | CSA
[221/535] cmp_3ebb25f4fe833c35 | DPP4 | MID
[222/535] cmp_079478dee00a071e | FGFR1 | AFR
[223/535] cmp_5b22527d173ee7fa | FGFR1 | CSA
[224/535] cmp_bad094ab84784157 | FGFR1 | MID
[225/535] cmp_2578fe8a5e432812 | FGFR4 | AFR
[226/535] cmp_cf79a21217ebfd45 | FGFR4 | CSA
[227/535] cmp_2278a2ee61e3c94f | FGFR4 | MID
[228/535] cmp_a65923a60135b609 | GDF15 | AFR
[229/535] cmp_c93179e9cff3fff4 | GDF15 | CSA
[230/535] cmp_06c4746c5e993d05 | GDF15 | MID
[231/535] cmp_8dfd1b9a2d559b23 | GFRAL | AFR
[232/535] cmp_f6c8664394696f28 | GFRAL | CSA
[233/535] cmp_46a786b0f7f692c1 | GFRAL | MID
[234/535] cmp_340539a9aafdd2ed | GHR | AFR
[235/535] cmp_fc7c44bdf8d1c088 | GHR | CSA
[236/535] cmp_f85cd571258c4937 | GHR | MID
[237/535] cmp_ce5e345eb69043ef | GIPR | AFR
[238/535] cmp_0f677d3a2cec3d16 | GIPR | CSA
[239/535] cmp_a38cb42e3379daab | GIPR | MID
[240/535] cmp_8ebe601ca5aa83b8 | GLP1R | AFR
[241/535] cmp_7d1964e37a09fd0a | GLP1R | CSA
[242/535] cmp_15fa0358129dafbb | GLP1R | MID
[243/535] cmp_ffb3cf3226c5feca | HSD11B1 | AFR
[244/535] cmp_968af00a51bb2df7 | HSD11B1 | CSA
[245/535] cmp_9bf2694e57943858 | HSD11B1 | MID
[246/535] cmp_80175672b39655ce | HTR1A | AFR
[247/535] cmp_e1e56086d8f841e1 | HTR1A | CSA
[248/535] cmp_885f982fca055dee | HTR1A | MID
[249/535] cmp_71b7ddb719e3cb03 | IAPP | AFR
[250/535] cmp_ea327d1dd0a42d69 | IAPP | CSA
[251/535] cmp_586b6611324ad428 | IAPP | MID
[252/535] cmp_e34cdd484ad3fd0a | INSR | AFR
[253/535] cmp_6ec0097c5bdac67b | INSR | CSA
[254/535] cmp_72dfdcaeb4fc2bab | INSR | MID
[255/535] cmp_04802c9d74f9e732 | LEPR | AFR
[256/535] cmp_fd7bee0b4f0c8705 | LEPR | CSA
[257/535] cmp_e3f2f647f7cf5c3c | LEPR | MID
[258/535] cmp_78452397ae97612a | MAPK1 | AFR
[259/535] cmp_c4363c25ad7ffa63 | MAPK1 | CSA
[260/535] cmp_e9978fabe01afe50 | MAPK1 | MID
[261/535] cmp_d952477127ee7ec7 | MAPK3 | AFR
[262/535] cmp_5d9692961eceee6a | MAPK3 | CSA
[263/535] cmp_516979e63b81199e | MAPK3 | MID
[264/535] cmp_72348505eabd0d8c | MC1R | AFR
[265/535] cmp_216a3309e17ff325 | MC1R | CSA
[266/535] cmp_1e62bc9cfb0ae342 | MC1R | MID
[267/535] cmp_d9f3563910f04212 | MC4R | AFR
[268/535] cmp_91602ff38973e5c1 | MC4R | CSA
[269/535] cmp_795667e1dbbc5ad6 | MC4R | MID
[270/535] cmp_b0ac2fd5fb031aa4 | MTTP | AFR
[271/535] cmp_dcd0c0caf9708b43 | MTTP | CSA
[272/535] cmp_677d64c945b762f6 | MTTP | MID
[273/535] cmp_f7e745784dd20d7a | NPY | AFR
[274/535] cmp_d1be896521c16094 | NPY | CSA
[275/535] cmp_28e2956ba0ebd603 | NPY | MID
[276/535] cmp_a97ce6dedcd54341 | NPY5R | AFR
[277/535] cmp_3124ceb4d020ea5a | NPY5R | CSA
[278/535] cmp_f04fee7e22ce047a | NPY5R | MID
[279/535] cmp_2661dd42af3bfb16 | NR3C1 | AFR
[280/535] cmp_d6cd4d98314b761f | NR3C1 | CSA
[281/535] cmp_7f4279f01292e27f | NR3C1 | MID
[282/535] cmp_fac134fd4c5e31de | OPRM1 | AFR
[283/535] cmp_e1ec75f35a1f5325 | OPRM1 | CSA
[284/535] cmp_41bfc0bfca8c4bb6 | OPRM1 | MID
[285/535] cmp_3886199c657bf693 | PPARA | AFR
[286/535] cmp_ec4e6dd2b3d71823 | PPARA | CSA
[287/535] cmp_8bce042e6f6265cb | PPARA | MID
[288/535] cmp_b983f121e89ab0c9 | PPARD | AFR
[289/535] cmp_c466933c6cddc2c2 | PPARD | CSA
[290/535] cmp_3d5d09a2a4352628 | PPARD | MID
[291/535] cmp_0c1699071ec567b1 | PPARG | AFR
[292/535] cmp_c0ad4f2be6c24974 | PPARG | CSA
[293/535] cmp_9067bcfec8b6f08a | PPARG | MID
[294/535] cmp_584606d70b84e3c1 | SLC6A4 | AFR
[295/535] cmp_358a19866909a106 | SLC6A4 | CSA
[296/535] cmp_13a764bb2f83bff9 | SLC6A4 | MID
[297/535] cmp_e815770eb9507aa4 | SREBF1 | AFR
[298/535] cmp_fad25f8377228cc8 | SREBF1 | CSA
[299/535] cmp_6bf7ad80dd2a95b6 | SREBF1 | MID
[300/535] cmp_a0244726a24d8ab5 | SREBF2 | AFR
[301/535] cmp_3f9df0826c121ea6 | SREBF2 | CSA
[302/535] cmp_1b48e21c3f7fa4df | SREBF2 | MID
[303/535] cmp_b6d6dee5331ecf08 | ALDH2 | CSA
[304/535] cmp_d99728b014a8c751 | ALDH2 | MID
[305/535] cmp_5fd988295a9adf4c | APOL1 | CSA
[306/535] cmp_b5b4c386bad78c21 | APOL1 | MID
[307/535] cmp_8644f50a5deb565a | AXL | CSA
[308/535] cmp_a8d8d1f235cb23f6 | AXL | MID
[309/535] cmp_92781d6e4a2bbf69 | GLP1R | CSA
[310/535] cmp_e4f3e7a3ffef3dee | GLP1R | MID
[311/535] cmp_ad635d062a0cb6f4 | KCNJ1 | CSA
[312/535] cmp_a496afa2fb1d58f1 | KCNJ1 | MID
[313/535] cmp_952f827b629defdc | NFE2L2 | CSA
[314/535] cmp_bf3da3d8b265cacf | NFE2L2 | MID
[315/535] cmp_ab310cba496101c9 | NFKB1 | CSA
[316/535] cmp_4a7143548dc144b2 | NFKB1 | MID
[317/535] cmp_4815e2c237d6b2d2 | NOX4 | CSA
[318/535] cmp_7c7de8d81ea6d599 | NOX4 | MID
[319/535] cmp_b7d656406a597ffb | TGFB1 | CSA
[320/535] cmp_e01ad3a44536e51d | TGFB1 | MID
[321/535] cmp_85faf3a0b6ca771b | TNFSF13 | CSA
[322/535] cmp_4758a5251b43a59e | TNFSF13 | MID
[323/535] cmp_0b17ee7489ac54ca | ABCC8 | CSA
[324/535] cmp_223b568c06092c55 | ABCC8 | MID
[325/535] cmp_37c0ac2fbeb228a3 | CALCR | CSA
[326/535] cmp_57c63ef2b5ef7070 | CALCR | MID
[327/535] cmp_6a904cea8c198f4a | DGAT1 | CSA
[328/535] cmp_306964470290b51d | DGAT1 | MID
[329/535] cmp_bab5bd13549c5f36 | FBP1 | CSA
[330/535] cmp_8f2a85acfe648bc5 | FBP1 | MID
[331/535] cmp_8adf4710e2782856 | FGFR1 | CSA
[332/535] cmp_142d585f2ea87871 | FGFR1 | MID
[333/535] cmp_bf830db4e9234461 | FGFR4 | CSA
[334/535] cmp_cff4771d4355b9b7 | FGFR4 | MID
[335/535] cmp_83160b2c36c5fa39 | GDF15 | CSA
[336/535] cmp_e15f0ef829b34627 | GDF15 | MID
[337/535] cmp_b64efda1167deddf | GIPR | CSA
[338/535] cmp_ee4314019136489d | GIPR | MID
[339/535] cmp_37db73ea4c934f3c | GLP2R | CSA
[340/535] cmp_72d107e6632670b8 | GLP2R | MID
[341/535] cmp_3552ef9b3fb99214 | INSR | CSA
[342/535] cmp_15a7a765705b782f | INSR | MID
[343/535] cmp_68f8d41b84d58c8a | KCNJ11 | CSA
[344/535] cmp_e380c446557d34be | KCNJ11 | MID
[345/535] cmp_5cfdc7606e7a16f9 | MC4R | CSA
[346/535] cmp_d1217cd6a4818f90 | MC4R | MID
[347/535] cmp_aaaa193eeac0390a | METAP2 | CSA
[348/535] cmp_61439641aadb462c | METAP2 | MID
[349/535] cmp_4ab05482f9c4b139 | PPARG | CSA
[350/535] cmp_d98864543ce360b3 | PPARG | MID
[351/535] cmp_9624dc3325f3a7e0 | SELE | CSA
[352/535] cmp_b84006e836ae2cc3 | SELE | MID
[353/535] cmp_0c0089ac5cd5de30 | SREBF1 | CSA
[354/535] cmp_58426512e8b1ab61 | SREBF1 | MID
[355/535] cmp_ba35246f787ddd2f | TP53 | CSA
[356/535] cmp_a3680a01bb140f75 | TP53 | MID
[357/535] cmp_593ae8985cf9fb81 | VEGFA | CSA
[358/535] cmp_29a6d39cecffd0ba | VEGFA | MID
[359/535] cmp_87e10582fe372d26 | JAK2 | CSA
[360/535] cmp_34b9528111678889 | ACVRL1 | CSA
[361/535] cmp_5893667a5f1fbc6e | BCL2 | CSA
[362/535] cmp_d70cfe319e602e5c | DYRK3 | CSA
[363/535] cmp_5636a0aa0df77617 | EGLN1 | CSA
[364/535] cmp_2c670ce121f4e2ed | EGLN2 | CSA
[365/535] cmp_cdc7ff976577622c | EGLN3 | CSA
[366/535] cmp_cf9640399f1b67f3 | EPOR | CSA
[367/535] cmp_216fcd5d6898b635 | HAMP | CSA
[368/535] cmp_26e7bee77129079a | IL6 | CSA
[369/535] cmp_33e4f0a27f768357 | PKLR | CSA
[370/535] cmp_e5dfc0ddc27b5597 | SLC40A1 | CSA
[371/535] cmp_836c47786aded226 | ESR1 | CSA
[372/535] cmp_1c639976f96dce20 | GHRHR | CSA
[373/535] cmp_d642ad82b0d16e5e | SOST | CSA
[374/535] cmp_dae661d54c93c969 | ABCA1 | CSA
[375/535] cmp_ba79e47f387626ac | ADRB1 | CSA
[376/535] cmp_9f69821411a167c6 | ADRB2 | CSA
[377/535] cmp_d763b6b831bf0c0e | ANGPTL8 | CSA
[378/535] cmp_d17bec475888ffb1 | APOA1 | CSA
[379/535] cmp_89cac3a7cbb61501 | APOC3 | CSA
[380/535] cmp_23670cc5cddedef4 | APOE | CSA
[381/535] cmp_9d3113c9f8e31c30 | CETP | CSA
[382/535] cmp_ecfb4236612a906f | DGAT2 | CSA
[383/535] cmp_649ff2cca8b15f4c | FDFT1 | CSA
[384/535] cmp_dfc2133ab2f65f25 | HCAR2 | CSA
[385/535] cmp_4f0b16a4a72c0368 | HCAR3 | CSA
[386/535] cmp_f91dafdc919ddc0c | HMGCR | CSA
[387/535] cmp_c5f9b26ab4ae44ee | LPA | CSA
[388/535] cmp_50d16dc72ee800c1 | MTTP | CSA
[389/535] cmp_86c7093bdb7c0808 | NR1H3 | CSA
[390/535] cmp_66552b49512bb3db | NR1H4 | CSA
[391/535] cmp_7e3415964666180a | PCSK9 | CSA
[392/535] cmp_697c494077f63f4a | PPARG | CSA
[393/535] cmp_846fa1abdb2d79e6 | SLC10A2 | CSA
[394/535] cmp_0e8c3789584fc9b2 | THRB | CSA
[395/535] cmp_899b25b2a6459d69 | CSF3 | CSA
[396/535] cmp_a8cdbbc6ae7dad91 | CSF3 | MID
[397/535] cmp_08b22a91172968d8 | CSF3R | CSA
[398/535] cmp_b2879043e48e8130 | CSF3R | MID
[399/535] cmp_559b26c0a60995d9 | CXCR4 | CSA
[400/535] cmp_cb58a62e60526107 | CXCR4 | MID
[401/535] cmp_0348a847d71d7add | FAP | CSA
[402/535] cmp_f42d2adaebb6c058 | FAP | MID
[403/535] cmp_158459a232adb0d0 | ENPP1 | CSA
[404/535] cmp_6567d20daa636164 | ACVR2A | AFR
[405/535] cmp_0b454d4c958fc671 | ACVR2A | CSA
[406/535] cmp_d40a84a9eef512e2 | ACVR2A | EAS
[407/535] cmp_c16a82af11193057 | ALOX12 | AFR
[408/535] cmp_072afd3efbfb83ec | ALOX12 | CSA
[409/535] cmp_e1820ad8923e7ad3 | ALOX12 | EAS
[410/535] cmp_9c6ecc4018fa3eec | FCGRT | AFR
[411/535] cmp_4f56d484694e8ea1 | FCGRT | CSA
[412/535] cmp_fa41e21272bf4085 | FCGRT | EAS
[413/535] cmp_ca7864c98988cae0 | FLT3 | AFR
[414/535] cmp_baa318157ff3ca63 | FLT3 | CSA
[415/535] cmp_3a187d537fd5eaf2 | FLT3 | EAS
[416/535] cmp_41f3b73474196a0b | IFNGR1 | AFR
[417/535] cmp_11b335555ff5ebe1 | IFNGR1 | CSA
[418/535] cmp_d27be2cfa6a1e60d | IFNGR1 | EAS
[419/535] cmp_4ef94caf53bd480f | IL12A | AFR
[420/535] cmp_943c5936cbcff26a | IL12A | CSA
[421/535] cmp_029184bacb2e5fd8 | IL12A | EAS
[422/535] cmp_face308db9f33a70 | IL12B | AFR
[423/535] cmp_fed358ca805b3c3e | IL12B | CSA
[424/535] cmp_74eb5925c4626270 | IL12B | EAS
[425/535] cmp_5c6e340a36104708 | JAK1 | AFR
[426/535] cmp_89640011637459ea | JAK1 | CSA
[427/535] cmp_8c82bdade3034c3e | JAK1 | EAS
[428/535] cmp_1e9ae074e40e398a | JAK2 | AFR
[429/535] cmp_d8eb00402944028b | JAK2 | CSA
[430/535] cmp_5b2b67e88398e55b | JAK2 | EAS
[431/535] cmp_e9eaa046575337b9 | KDM1A | AFR
[432/535] cmp_0dc5f2945c2f21d1 | KDM1A | CSA
[433/535] cmp_8a0ec5e7ce7ddb07 | KDM1A | EAS
[434/535] cmp_18bf92731dcbbcc8 | KIT | AFR
[435/535] cmp_c5c6a942ebb59e4f | KIT | CSA
[436/535] cmp_7aaa0a05bd83fbed | KIT | EAS
[437/535] cmp_bfc01b90f4d8df7f | MPL | AFR
[438/535] cmp_8a08e1bad7c62995 | MPL | CSA
[439/535] cmp_c813a3a2004fb6bd | MPL | EAS
[440/535] cmp_480d6daf54baee46 | PIK3CA | AFR
[441/535] cmp_090a8b2e128e603c | PIK3CA | CSA
[442/535] cmp_fe5114e73f9be5e8 | PIK3CA | EAS
[443/535] cmp_d145e0dbaa19ce1a | PIK3CB | AFR
[444/535] cmp_79511392eb1a415a | PIK3CB | CSA
[445/535] cmp_4f5997f4be833364 | PIK3CB | EAS
[446/535] cmp_a5cb7edcd0684533 | PIK3CD | AFR
[447/535] cmp_a3b3cff5a232fecb | PIK3CD | CSA
[448/535] cmp_02071f60be29f45b | PIK3CD | EAS
[449/535] cmp_7906543c413eaa09 | PIK3CG | AFR
[450/535] cmp_65b9e21f9ee56f62 | PIK3CG | CSA
[451/535] cmp_4aa64332dd92c267 | PIK3CG | EAS
[452/535] cmp_88c6906de1ea612c | THPO | AFR
[453/535] cmp_00943344950234cb | THPO | CSA
[454/535] cmp_753051b5ab931966 | THPO | EAS
[455/535] cmp_672e4bb04d1de71c | ACE | CSA
[456/535] cmp_e1a94c377813c6b6 | ACE | EAS
[457/535] cmp_9abb59e1c1e89c9f | ADRA1A | CSA
[458/535] cmp_075b376d729cbbdc | ADRA1A | EAS
[459/535] cmp_c83e9c2788ccbbba | ADRA2B | CSA
[460/535] cmp_ea007349ac369a60 | ADRA2B | EAS
[461/535] cmp_9ebe2620a7a5ddcd | ADRA2C | CSA
[462/535] cmp_b505091a89419c69 | ADRA2C | EAS
[463/535] cmp_09103f39122355d4 | ADRB1 | CSA
[464/535] cmp_85dc45cb0e4ef696 | ADRB1 | EAS
[465/535] cmp_25209c8791e72f54 | ADRB2 | CSA
[466/535] cmp_56f6aed3310d1b39 | ADRB2 | EAS
[467/535] cmp_a71751d3a9a8568a | AGT | CSA
[468/535] cmp_7e1bb91784daf874 | AGT | EAS
[469/535] cmp_a73ebd971255b53d | CACNA1C | CSA
[470/535] cmp_0b8353e0ef24feca | CACNA1C | EAS
[471/535] cmp_be14aa1d87690f1d | CHRNB4 | CSA
[472/535] cmp_b8b0225d1c9890a2 | CHRNB4 | EAS
[473/535] cmp_454a04f6c939f398 | CYP11B1 | CSA
[474/535] cmp_d0eae1c3d6328e31 | CYP11B1 | EAS
[475/535] cmp_5d17c0529b2b7df9 | CYP11B2 | CSA
[476/535] cmp_29b2c4ab14aed1a5 | CYP11B2 | EAS
[477/535] cmp_c3d72cc117775048 | EDNRA | CSA
[478/535] cmp_8287430549ba3f6f | EDNRA | EAS
[479/535] cmp_78733159446ee1c5 | MME | CSA
[480/535] cmp_aeab0c904bc9969c | MME | EAS
[481/535] cmp_8b7c116033df75f8 | NPR1 | CSA
[482/535] cmp_808eea98958b88ae | NPR1 | EAS
[483/535] cmp_d78e3ded7cd1e1cc | OPRL1 | CSA
[484/535] cmp_a4a6c8c04a2615d6 | OPRL1 | EAS
[485/535] cmp_c49e59890b6661ec | PDE5A | CSA
[486/535] cmp_8ee817355bbb2bbf | PDE5A | EAS
[487/535] cmp_ab04299a68fabf68 | REN | CSA
[488/535] cmp_e6a4ccbeffb610bc | REN | EAS
[489/535] cmp_4a83e585c686b53b | SLC12A2 | CSA
[490/535] cmp_4748ded11908badf | SLC12A2 | EAS
[491/535] cmp_a06fa49218dbd2d7 | VDR | CSA
[492/535] cmp_e07d4854fed91dc1 | VDR | EAS
[493/535] cmp_38f6078f8c287863 | ALOX5 | AFR
[494/535] cmp_f963e229e26ef254 | ALOX5 | CSA
[495/535] cmp_3cd145a306cb6a70 | ALOX5 | MID
[496/535] cmp_29230f9b79750967 | ANGPTL3 | AFR
[497/535] cmp_f0cf4964e6b5f030 | ANGPTL3 | CSA
[498/535] cmp_1d49c7f6775630d1 | ANGPTL3 | MID
[499/535] cmp_44f6beefa09c6ba0 | ANGPTL4 | AFR
[500/535] cmp_96ce964d4704c481 | ANGPTL4 | CSA
[501/535] cmp_327b1ec26d6eee5c | ANGPTL4 | MID
[502/535] cmp_c46c48b6b8c8c0da | APOB | AFR
[503/535] cmp_cf4e49ee6917e9e7 | APOB | CSA
[504/535] cmp_55e72b65deff56f6 | APOB | MID
[505/535] cmp_c19fd6087066e5ad | APOC3 | AFR
[506/535] cmp_58feb2f9cd1731f6 | APOC3 | CSA
[507/535] cmp_dfe8569d96c5c6ef | APOC3 | MID
[508/535] cmp_e54439ed586b3a5c | FGF21 | AFR
[509/535] cmp_6d7ba361d906c9f1 | FGF21 | CSA
[510/535] cmp_c80e5bff31014a68 | FGF21 | MID
[511/535] cmp_eafab6e5a8a920a4 | LPL | AFR
[512/535] cmp_9de93e69fed596e7 | LPL | CSA
[513/535] cmp_4cecb255412bf289 | LPL | MID
[514/535] cmp_4d779dc51a2509f0 | NR1H4 | AFR
[515/535] cmp_817e77ccfe88b655 | NR1H4 | CSA
[516/535] cmp_d5510796e99a279b | NR1H4 | MID
[517/535] cmp_1a57dfd16a3ff231 | PDE3A | AFR
[518/535] cmp_cdad6fec0a6c282b | PDE3A | CSA
[519/535] cmp_61eb1426b5acf70c | PDE3A | MID
[520/535] cmp_98c28405614ba81d | PDE4A | AFR
[521/535] cmp_7cda2348ac1402ce | PDE4A | CSA
[522/535] cmp_9715fd6d74c7f0b1 | PDE4A | MID
[523/535] cmp_fec2972dccc6591e | PDE4B | AFR
[524/535] cmp_f7e5de3a947334ca | PDE4B | CSA
[525/535] cmp_49e7143e7f8d9dbc | PDE4B | MID
[526/535] cmp_e332121c7099d932 | PDE4C | AFR
[527/535] cmp_d3557144640dfefd | PDE4C | CSA
[528/535] cmp_dcdb5a56195717e1 | PDE4C | MID
[529/535] cmp_953452341267199d | PPARA | AFR
[530/535] cmp_93ce22fec7c85bd8 | PPARA | CSA
[531/535] cmp_865bbb5c349bf4f3 | PPARA | MID
[532/535] cmp_112d8ff54d63db77 | PPARG | AFR
[533/535] cmp_d046571b4d69c0ca | PPARG | CSA
[534/535] cmp_f27a27d52a7eddbe | PPARG | MID
[535/535] cmp_8a50a9834b33764d | CSF3R | CSA

==============================================================================
STEP 15E — CROSS-ANCESTRY COLOCALIZATION
==============================================================================
Status: PASS
Valid comparison caches: 538 / 538
Invalid or missing caches: 0
Powered comparisons: 17
Headline powered units: 14
Headline median PP.H4: 0.8517 (95% bootstrap interval 0.1550, 0.9865)
Headline units with median PP.H4 >= 0.8: 8
Summary: output/15e_coloc_summary.json
==============================================================================
