================================================================================================
RUNNING figure1_cohort_landscape.py
================================================================================================
Wrote Figure 1.
================================================================================================
RUNNING figure2_study_volume_stage.py
================================================================================================
Wrote Figure 2.
================================================================================================
RUNNING figure3_adjusted_and_matched.py
================================================================================================
Wrote Figure 3.
================================================================================================
RUNNING figure4_portability.py
================================================================================================
Wrote Figure 4.
================================================================================================
RUNNING figure5_colocalization.py
================================================================================================
Wrote Figure 5.
================================================================================================
RUNNING supplementary_figures.py
================================================================================================
Supplementary figure pass completed.
All publication_v5 figures completed.
